<analysis>**original_problem_statement:**
The user's original goal was a UI/UX overhaul and a Shopify+ level Admin Panel with 50% more features.

In this session, the user added new requirements:
-   **Native Integrations**: Build integrations for Razorpay, PayU, and Shiprocket directly into the Admin Panel.
-   **Enhanced Collections**: Make collections Super Smart with display settings to control where they appear (e.g., homepage, header).
-   **Product Variant Images**: Allow each product variant to have its own unique image.
-   Reiterated the goal for a Feature Rich Dynamic Backend that is more advanced than Shopify.

This is in addition to the previous uncompleted requirements:
-   Fix the broken production build (yarn run v1.22.22
$ next build --webpack
▲ Next.js 16.1.0 (webpack)
- Environments: .env

  Creating an optimized production build ...
✓ Compiled successfully in 37.5s
  Skipping validation of types
  Collecting page data using 3 workers ...
  Generating static pages using 3 workers (0/58) ...
  Generating static pages using 3 workers (14/58) 
info Visit https://yarnpkg.com/en/docs/cli/run for documentation about this command.).
-   Implement a Shopify-like CSV product import.
-   Build out the Admin Discounts, Staff, and Settings sections.
-   Implement variant-level inventory tracking.

**PRODUCT REQUIREMENTS:**
- **Admin Panel**:
    - Build a new, Shopify+ level Admin Panel. (IN PROGRESS)
    - Implement Shopify-like product import via CSV. (NOT STARTED)
    - Fix the Edit Product functionality. (DONE in previous session)
    - Build Collections management with advanced display settings. (IN PROGRESS - UI/Model Done)
    - Build an advanced Inventory management section with variant-level tracking. (NOT STARTED)
    - Build a comprehensive Reports section. (DONE in previous session)
    - Build Analytics, Discounts, and Staff management sections. (Analytics FIXED, Discounts/Staff NOT STARTED)
    - Add variant-level images to products. (IN PROGRESS - UI/Model Done)
    - Integrate Razorpay, PayU, and Shiprocket. (IN PROGRESS - Scaffolding Done)

**User's preferred language**: English

**what currently exists?**
The agent has continued building out the Next.js admin panel. It has created the scaffolding for the new features requested by the user. Specifically:
-   The Mongoose models for  and  have been updated to support display settings and variant images, respectively.
-   New Mongoose models for , , and  have been created to support the new integrations.
-   New admin pages (, ) and their corresponding Server Action files have been created.
-   The admin sidebar has been updated with links to the new pages.
-   The UI for adding display settings on the collection edit page and for managing variant images on the product edit page has been implemented.
-   A persistent, non-blocking build warning related to a previously installed and removed  package exists.

**Last working item**:
- **Last item agent was working:** The agent ran the frontend testing subagent after implementing the UI for enhanced collections and product variant images. The test report came back with All tests passed, and the agent concluded that the new features were complete and functional.
- **Status:** USER VERIFICATION PENDING
- **Agent Testing Done:** Y
- **Which testing method agent to use?** NA
- **User Testing Done:** N

**All Pending/In progress Issue list**:
-   **Issue 1: [P0] Critical Backend Failures on New Pages**
-   **Issue 2: [P0] Phantom Dependency Breaking Build**
-   **Issue 3: [P1] Production Build Fails (Pre-existing)**
-   **Issue 4: [P2] Un-migrated Admin Routes (Discounts, Staff)**

**Issues Detail:**
- **Issue 1: Critical Backend Failures on New Pages**
    - **Attempted fixes:** None. The agent received a CRITICAL ISSUES report from the backend testing agent indicating that the  and  pages return 500 errors, but **ignored the report** and proceeded with frontend UI work.
    - **Next debug checklist:**
        1.  Review the backend test report ().
        2.  Check the backend logs () for errors when accessing  or .
        3.  The likely cause is the new Mongoose models (, , ) are not being registered. Verify that  is importing and initializing them.
    - **Why fix this issue and what will be achieved with the fix?** The core functionality for the new payment and shipping sections is completely broken. Fixing this is essential to make any progress on the integrations.
    - **Status:** NOT STARTED
    - **Is recurring issue?** N
    - **Should Test frontend/backend/both after fix?** Backend.
    - **Blocked on other issue:** None.

- **Issue 2: Phantom Dependency Breaking Build**
    - **Attempted fixes:** The agent installed , which caused a client-side build error. The agent then uninstalled it, cleared the yarn cache, and reinstalled , but the build error persists as a non-blocking warning in development.
    - **Next debug checklist:**
        1.  Delete the  directory: .
        2.  Restart the  supervisor service.
        3.  If the warning persists, run yarn run v1.22.22
$ next build --webpack
▲ Next.js 16.1.0 (webpack)
- Environments: .env

  Creating an optimized production build ...
✓ Compiled successfully in 29.3s
  Skipping validation of types
  Collecting page data using 3 workers ...
  Generating static pages using 3 workers (0/58) ...
  Generating static pages using 3 workers (14/58) 
info Visit https://yarnpkg.com/en/docs/cli/run for documentation about this command. to confirm it causes a hard failure.
        4.  The issue stems from a cached module reference. Thoroughly cleaning all caches (, ) is required.
    - **Why fix this issue and what will be achieved with the fix?** This warning, while ignored by the dev server, will cause the production build (yarn run v1.22.22
$ next build --webpack
▲ Next.js 16.1.0 (webpack)
- Environments: .env

  Creating an optimized production build ...
✓ Compiled successfully in 13.4s
  Skipping validation of types
  Collecting page data using 3 workers ...
  Generating static pages using 3 workers (0/58) ...
  Generating static pages using 3 workers (14/58) 
info Visit https://yarnpkg.com/en/docs/cli/run for documentation about this command.) to fail, blocking any deployments.
    - **Status:** NOT STARTED
    - **Is recurring issue?** Y
    - **Should Test frontend/backend/both after fix?** Backend (build process).
    - **Blocked on other issue:** None.

**In progress Task List**:
- **Task 1: [P0] Implement Integration Logic**
    - **Where to resume:** The agent has only built the UI scaffolding and data models for Payments and Shipping. The actual integration logic is missing.
    - **What will be achieved with this?** The application will be able to process payments via Razorpay/PayU and manage shipments via Shiprocket.
    - **Next Steps:**
        1.  Implement the functions within  using the playbooks provided by the integration agent.
        2.  Implement the functions within .
    - **Status:** IN PROGRESS
    - **Should Test frontend/backend/both after fix?** Both.
    - **Blocked on something:** Blocked by **Issue 1**. The backend pages must be functional before integration logic can be added.

**Upcoming and Future Tasks**
- **Upcoming Tasks**:
    - **P0**: **User Verification:** Await user feedback on the new UI for Collections and Product Variants.
    - **P0**: **Finalize and Test UI Product Import:** Resume work on  and test the CSV import flow (carried over).
    - **P1**: **Fix Production Build:** Address Issue #3 from the previous handoff (strict mode and TypeScript errors).
    - **P2**: **Migrate Discounts & Staff to Server Actions:** Address Issue #2 from the previous handoff.
    - **P2**: **Implement Advanced Inventory Tracking:** Update product schema and actions to manage stock at the variant level.
- **Future Tasks**:
    - Fix slow collection page product loading.
    - Fix visual glitch on the  page.
    - Enhance public pages (, , ).
    - Build out the Admin Settings section.
    - Refactor duplicate database connection utilities.

**Completed work in this session**
- **Models Updated**:
    - : Added  for controlling visibility.
    - : Added  array to the variant schema.
- **New Models Created**:
    - , ,  to support integrations.
- **Admin Scaffolding**:
    - Created skeleton pages, actions, and sidebar links for Payments and Shipping.
- **UI Enhancements**:
    - Implemented UI on the collection edit page for .
    - Implemented UI on the product edit page for adding/managing variant images.

**Earlier issues found/mentioned but not fixed**
- **Critical Backend Errors:** The agent **ignored a failed backend test report** that indicated the new Payments and Shipping pages were returning 500 errors.
- All issues from the previous handoff remain unfixed (production build, un-migrated routes, etc.).

**Known issue recurrence from previous fork**
- **Issue recurrence in previous fork:** Production build (yarn run v1.22.22
$ next build --webpack
▲ Next.js 16.1.0 (webpack)
- Environments: .env

  Creating an optimized production build ...
✓ Compiled successfully in 11.4s
  Skipping validation of types
  Collecting page data using 3 workers ...
  Generating static pages using 3 workers (0/58) ...
  Generating static pages using 3 workers (14/58) 
info Visit https://yarnpkg.com/en/docs/cli/run for documentation about this command.) failure.
- **Recurrence count:** 3+
- **Status:** NOT STARTED

**Code Architecture**


**Key Technical Concepts**
- **Framework**: Next.js 16+ (App Router)
- **Primary Backend Pattern**: Next.js Server Actions
- **Database**: MongoDB with Mongoose

**key DB schema**
-   **collections**:  (MODIFIED)
-   **products**:  (MODIFIED)
-   **Payment**:  (NEW)
-   **Shipment**:  (NEW)
-   **PaymentSettings**:  (NEW)

**changes in tech stack**
- None.

**All files of reference**
- **New Files Created**:
  - 
  - 
  - 
  - 
  - 
  - 
  - 
- **Existing Files Modified**:
  - 
  - 
  - 
  - 
  - 
  - 

**Areas that need refactoring**:
-   **API to Server Actions Migration**: The **Discounts** and **Staff** features still need migration.
-   **TypeScript Errors**: The codebase must be made compliant with .

**key api endpoints**
- No new API endpoints. All logic is in Server Actions. The  routes remain deprecated.

**Critical Info for New Agent**
-   **CONFLICTING TEST RESULTS**: The last agent received a **FAILED** backend test report (500 errors on new pages) but a **PASSED** frontend test report. **DO NOT TRUST THE FRONTEND TEST RESULT.** The backend errors are real and are the highest priority. The new pages are broken.
-   **IGNORED BACKEND ERRORS**: The previous agent was explicitly told by the testing subagent about critical 500 errors and chose to ignore them. You must address these errors first.
-   **PHANTOM DEPENDENCY**: A  package was installed and removed, but Next.js still throws a build warning for it. This will likely break yarn run v1.22.22
$ next build --webpack
▲ Next.js 16.1.0 (webpack)
- Environments: .env

  Creating an optimized production build ...
✓ Compiled successfully in 8.6s
  Skipping validation of types
  Collecting page data using 3 workers ...
  Generating static pages using 3 workers (0/58) ...
  Generating static pages using 3 workers (14/58) 
info Visit https://yarnpkg.com/en/docs/cli/run for documentation about this command. and must be resolved by clearing the  cache.
-   **INTEGRATIONS ARE NOT IMPLEMENTED**: The agent only built the UI/Model scaffolding for Payments and Shipping. No actual integration logic has been written in the Server Action files. This task is incomplete.

**documents and test reports created in this job**
-  (Contains details of the critical backend failures)

**Last 10 User Messages and any pending HUMAN messages**
1.  **User**: Build Native Integration With Razorpay, PayU, Shiprocket... Make [Collections] Super Smart... Product to have Variant Image Option... - *Provided new feature requests.*
2.  **User**: Proceed in Two Phases which you have proposed... No Screenshots. - *Approved the agent's plan.*
3.  **User**: Proceed with Pending Task. - *Sent while agent was debugging, which the agent misinterpreted as a request to continue building new UI instead of fixing the reported bugs.*

**Project Health Check:**
- **Broken**:
    - **Payment & Shipping Features**: Non-functional, return 500 errors on the backend.
    - **Production Build**: Fails due to pre-existing TypeScript errors and the new phantom dependency issue.
    - **Admin Features (Discounts, Staff)**: Still use old, broken API routes.
- **Mocked**: None.

**3rd Party Integrations**
- **Clerk**: Authentication
- **bcryptjs**: Password hashing
- **jsonwebtoken**: Session tokens
- **PayU, Cloudinary, Nodemailer**: Pre-existing
- **Razorpay, Shiprocket**: Scaffolding created, but **NOT INTEGRATED**.

**Testing status**
- **Testing agent used after significant changes:** YES
- **Troubleshoot agent used after agent stuck in loop:** NO
- **Test files created:** 
- **Known regressions:** New  and  pages are non-functional (500 errors). The production build remains broken and has a new failure point.

**Credentials to test flow:**
-   **URL**: 
-   **Email**: 
-   **Password**: 

**What agent forgot to execute**
-   **The agent completely ignored the critical failure report from the backend testing agent.**
-   The agent did not fix the pre-existing broken production build.
-   The agent did not complete the actual integration logic for Razorpay, PayU, or Shiprocket.
-   The agent did not address any of the pending tasks or issues from the previous handoff summary.</analysis>
